{'api_version': 'v1',
 'binary_data': None,
 'data': {'aaaa': 'aaaa'},
 'kind': 'ConfigMap',
 'metadata': {'annotations': None,
              'cluster_name': None,
              'creation_timestamp': datetime.datetime(2019, 1, 30, 7, 20, 48, tzinfo=tzutc()),
              'deletion_grace_period_seconds': None,
              'deletion_timestamp': None,
              'finalizers': None,
              'generate_name': None,
              'generation': None,
              'initializers': None,
              'labels': None,
              'name': 'aaaa',
              'namespace': 'default',
              'owner_references': None,
              'resource_version': '1199819',
              'self_link': '/api/v1/namespaces/default/configmaps/aaaa',
              'uid': '9103df9c-245f-11e9-bf39-025000000001'}}
delete cm
delete cm
list configmap
list configmap
list configmap
list configmap
list configmap
list configmap
delete cm
delete cm
delete cm
delete cm
delete cm
delete cm
delete cm
list configmap
list configmap
delete cm
list configmap
list configmap
create deployment and svc
{'api_version': 'v1',
 'items': [{'api_version': None,
            'binary_data': None,
            'data': {'aasdasdsd': 'asdasdasdasddds'},
            'kind': None,
            'metadata': {'annotations': None,
                         'cluster_name': None,
                         'creation_timestamp': datetime.datetime(2019, 1, 30, 8, 50, 56, tzinfo=tzutc()),
                         'deletion_grace_period_seconds': None,
                         'deletion_timestamp': None,
                         'finalizers': None,
                         'generate_name': None,
                         'generation': None,
                         'initializers': None,
                         'labels': None,
                         'name': 'aasdaasdasdas',
                         'namespace': 'default',
                         'owner_references': None,
                         'resource_version': '1205718',
                         'self_link': '/api/v1/namespaces/default/configmaps/aasdaasdasdas',
                         'uid': '28934bb5-246c-11e9-bf39-025000000001'}},
           {'api_version': None,
            'binary_data': None,
            'data': {'aasdasdsd': 'asdasdasdasddds'},
            'kind': None,
            'metadata': {'annotations': None,
                         'cluster_name': None,
                         'creation_timestamp': datetime.datetime(2019, 1, 30, 8, 50, 59, tzinfo=tzutc()),
                         'deletion_grace_period_seconds': None,
                         'deletion_timestamp': None,
                         'finalizers': None,
                         'generate_name': None,
                         'generation': None,
                         'initializers': None,
                         'labels': None,
                         'name': 'aasdaassdasdas',
                         'namespace': 'default',
                         'owner_references': None,
                         'resource_version': '1205723',
                         'self_link': '/api/v1/namespaces/default/configmaps/aasdaassdasdas',
                         'uid': '2a84ae96-246c-11e9-bf39-025000000001'}},
           {'api_version': None,
            'binary_data': None,
            'data': {'ccc': 'ccc'},
            'kind': None,
            'metadata': {'annotations': None,
                         'cluster_name': None,
                         'creation_timestamp': datetime.datetime(2019, 1, 30, 9, 14, 4, tzinfo=tzutc()),
                         'deletion_grace_period_seconds': None,
                         'deletion_timestamp': None,
                         'finalizers': None,
                         'generate_name': None,
                         'generation': None,
                         'initializers': None,
                         'labels': None,
                         'name': 'ccc',
                         'namespace': 'default',
                         'owner_references': None,
                         'resource_version': '1207249',
                         'self_link': '/api/v1/namespaces/default/configmaps/ccc',
                         'uid': '63fd9424-246f-11e9-bf39-025000000001'}},
           {'api_version': None,
            'binary_data': None,
            'data': {'ccc': 'ccc', 'czxczxc': 'cczxc'},
            'kind': None,
            'metadata': {'annotations': None,
                         'cluster_name': None,
                         'creation_timestamp': datetime.datetime(2019, 1, 30, 9, 14, 12, tzinfo=tzutc()),
                         'deletion_grace_period_seconds': None,
                         'deletion_timestamp': None,
                         'finalizers': None,
                         'generate_name': None,
                         'generation': None,
                         'initializers': None,
                         'labels': None,
                         'name': 'cccxxx',
                         'namespace': 'default',
                         'owner_references': None,
                         'resource_version': '1207259',
                         'self_link': '/api/v1/namespaces/default/configmaps/cccxxx',
                         'uid': '68cc0c9b-246f-11e9-bf39-025000000001'}},
           {'api_version': None,
            'binary_data': None,
            'data': {'xcz': 'czxzxc'},
            'kind': None,
            'metadata': {'annotations': None,
                         'cluster_name': None,
                         'creation_timestamp': datetime.datetime(2019, 1, 30, 9, 13, 52, tzinfo=tzutc()),
                         'deletion_grace_period_seconds': None,
                         'deletion_timestamp': None,
                         'finalizers': None,
                         'generate_name': None,
                         'generation': None,
                         'initializers': None,
                         'labels': None,
                         'name': 'zxcz',
                         'namespace': 'default',
                         'owner_references': None,
                         'resource_version': '1207233',
                         'self_link': '/api/v1/namespaces/default/configmaps/zxcz',
                         'uid': '5c5db866-246f-11e9-bf39-025000000001'}}],
 'kind': 'ConfigMapList',
 'metadata': {'_continue': None,
              'resource_version': '1226322',
              'self_link': '/api/v1/namespaces/default/configmaps'}}
create deployment and svc
create deployment and svc
{'api_version': 'v1',
 'items': [{'api_version': None,
            'binary_data': None,
            'data': {'aasdasdsd': 'asdasdasdasddds'},
            'kind': None,
            'metadata': {'annotations': None,
                         'cluster_name': None,
                         'creation_timestamp': datetime.datetime(2019, 1, 30, 8, 50, 56, tzinfo=tzutc()),
                         'deletion_grace_period_seconds': None,
                         'deletion_timestamp': None,
                         'finalizers': None,
                         'generate_name': None,
                         'generation': None,
                         'initializers': None,
                         'labels': None,
                         'name': 'aasdaasdasdas',
                         'namespace': 'default',
                         'owner_references': None,
                         'resource_version': '1205718',
                         'self_link': '/api/v1/namespaces/default/configmaps/aasdaasdasdas',
                         'uid': '28934bb5-246c-11e9-bf39-025000000001'}},
           {'api_version': None,
            'binary_data': None,
            'data': {'aasdasdsd': 'asdasdasdasddds'},
            'kind': None,
            'metadata': {'annotations': None,
                         'cluster_name': None,
                         'creation_timestamp': datetime.datetime(2019, 1, 30, 8, 50, 59, tzinfo=tzutc()),
                         'deletion_grace_period_seconds': None,
                         'deletion_timestamp': None,
                         'finalizers': None,
                         'generate_name': None,
                         'generation': None,
                         'initializers': None,
                         'labels': None,
                         'name': 'aasdaassdasdas',
                         'namespace': 'default',
                         'owner_references': None,
                         'resource_version': '1205723',
                         'self_link': '/api/v1/namespaces/default/configmaps/aasdaassdasdas',
                         'uid': '2a84ae96-246c-11e9-bf39-025000000001'}},
           {'api_version': None,
            'binary_data': None,
            'data': {'ccc': 'ccc'},
            'kind': None,
            'metadata': {'annotations': None,
                         'cluster_name': None,
                         'creation_timestamp': datetime.datetime(2019, 1, 30, 9, 14, 4, tzinfo=tzutc()),
                         'deletion_grace_period_seconds': None,
                         'deletion_timestamp': None,
                         'finalizers': None,
                         'generate_name': None,
                         'generation': None,
                         'initializers': None,
                         'labels': None,
                         'name': 'ccc',
                         'namespace': 'default',
                         'owner_references': None,
                         'resource_version': '1207249',
                         'self_link': '/api/v1/namespaces/default/configmaps/ccc',
                         'uid': '63fd9424-246f-11e9-bf39-025000000001'}},
           {'api_version': None,
            'binary_data': None,
            'data': {'ccc': 'ccc', 'czxczxc': 'cczxc'},
            'kind': None,
            'metadata': {'annotations': None,
                         'cluster_name': None,
                         'creation_timestamp': datetime.datetime(2019, 1, 30, 9, 14, 12, tzinfo=tzutc()),
                         'deletion_grace_period_seconds': None,
                         'deletion_timestamp': None,
                         'finalizers': None,
                         'generate_name': None,
                         'generation': None,
                         'initializers': None,
                         'labels': None,
                         'name': 'cccxxx',
                         'namespace': 'default',
                         'owner_references': None,
                         'resource_version': '1207259',
                         'self_link': '/api/v1/namespaces/default/configmaps/cccxxx',
                         'uid': '68cc0c9b-246f-11e9-bf39-025000000001'}},
           {'api_version': None,
            'binary_data': None,
            'data': {'xcz': 'czxzxc'},
            'kind': None,
            'metadata': {'annotations': None,
                         'cluster_name': None,
                         'creation_timestamp': datetime.datetime(2019, 1, 30, 9, 13, 52, tzinfo=tzutc()),
                         'deletion_grace_period_seconds': None,
                         'deletion_timestamp': None,
                         'finalizers': None,
                         'generate_name': None,
                         'generation': None,
                         'initializers': None,
                         'labels': None,
                         'name': 'zxcz',
                         'namespace': 'default',
                         'owner_references': None,
                         'resource_version': '1207233',
                         'self_link': '/api/v1/namespaces/default/configmaps/zxcz',
                         'uid': '5c5db866-246f-11e9-bf39-025000000001'}}],
 'kind': 'ConfigMapList',
 'metadata': {'_continue': None,
              'resource_version': '1226417',
              'self_link': '/api/v1/namespaces/default/configmaps'}}
create deployment and svc
create deployment and svc
create deployment and svc
create deployment and svc
{'api_version': 'v1',
 'items': [{'api_version': None,
            'binary_data': None,
            'data': {'aasdasdsd': 'asdasdasdasddds'},
            'kind': None,
            'metadata': {'annotations': None,
                         'cluster_name': None,
                         'creation_timestamp': datetime.datetime(2019, 1, 30, 8, 50, 56, tzinfo=tzutc()),
                         'deletion_grace_period_seconds': None,
                         'deletion_timestamp': None,
                         'finalizers': None,
                         'generate_name': None,
                         'generation': None,
                         'initializers': None,
                         'labels': None,
                         'name': 'aasdaasdasdas',
                         'namespace': 'default',
                         'owner_references': None,
                         'resource_version': '1205718',
                         'self_link': '/api/v1/namespaces/default/configmaps/aasdaasdasdas',
                         'uid': '28934bb5-246c-11e9-bf39-025000000001'}},
           {'api_version': None,
            'binary_data': None,
            'data': {'aasdasdsd': 'asdasdasdasddds'},
            'kind': None,
            'metadata': {'annotations': None,
                         'cluster_name': None,
                         'creation_timestamp': datetime.datetime(2019, 1, 30, 8, 50, 59, tzinfo=tzutc()),
                         'deletion_grace_period_seconds': None,
                         'deletion_timestamp': None,
                         'finalizers': None,
                         'generate_name': None,
                         'generation': None,
                         'initializers': None,
                         'labels': None,
                         'name': 'aasdaassdasdas',
                         'namespace': 'default',
                         'owner_references': None,
                         'resource_version': '1205723',
                         'self_link': '/api/v1/namespaces/default/configmaps/aasdaassdasdas',
                         'uid': '2a84ae96-246c-11e9-bf39-025000000001'}},
           {'api_version': None,
            'binary_data': None,
            'data': {'ccc': 'ccc'},
            'kind': None,
            'metadata': {'annotations': None,
                         'cluster_name': None,
                         'creation_timestamp': datetime.datetime(2019, 1, 30, 9, 14, 4, tzinfo=tzutc()),
                         'deletion_grace_period_seconds': None,
                         'deletion_timestamp': None,
                         'finalizers': None,
                         'generate_name': None,
                         'generation': None,
                         'initializers': None,
                         'labels': None,
                         'name': 'ccc',
                         'namespace': 'default',
                         'owner_references': None,
                         'resource_version': '1207249',
                         'self_link': '/api/v1/namespaces/default/configmaps/ccc',
                         'uid': '63fd9424-246f-11e9-bf39-025000000001'}},
           {'api_version': None,
            'binary_data': None,
            'data': {'ccc': 'ccc', 'czxczxc': 'cczxc'},
            'kind': None,
            'metadata': {'annotations': None,
                         'cluster_name': None,
                         'creation_timestamp': datetime.datetime(2019, 1, 30, 9, 14, 12, tzinfo=tzutc()),
                         'deletion_grace_period_seconds': None,
                         'deletion_timestamp': None,
                         'finalizers': None,
                         'generate_name': None,
                         'generation': None,
                         'initializers': None,
                         'labels': None,
                         'name': 'cccxxx',
                         'namespace': 'default',
                         'owner_references': None,
                         'resource_version': '1207259',
                         'self_link': '/api/v1/namespaces/default/configmaps/cccxxx',
                         'uid': '68cc0c9b-246f-11e9-bf39-025000000001'}},
           {'api_version': None,
            'binary_data': None,
            'data': {'xcz': 'czxzxc'},
            'kind': None,
            'metadata': {'annotations': None,
                         'cluster_name': None,
                         'creation_timestamp': datetime.datetime(2019, 1, 30, 9, 13, 52, tzinfo=tzutc()),
                         'deletion_grace_period_seconds': None,
                         'deletion_timestamp': None,
                         'finalizers': None,
                         'generate_name': None,
                         'generation': None,
                         'initializers': None,
                         'labels': None,
                         'name': 'zxcz',
                         'namespace': 'default',
                         'owner_references': None,
                         'resource_version': '1207233',
                         'self_link': '/api/v1/namespaces/default/configmaps/zxcz',
                         'uid': '5c5db866-246f-11e9-bf39-025000000001'}}],
 'kind': 'ConfigMapList',
 'metadata': {'_continue': None,
              'resource_version': '1227148',
              'self_link': '/api/v1/namespaces/default/configmaps'}}
create deployment and svc
{'api_version': 'v1',
 'items': [{'api_version': None,
            'binary_data': None,
            'data': {'aasdasdsd': 'asdasdasdasddds'},
            'kind': None,
            'metadata': {'annotations': None,
                         'cluster_name': None,
                         'creation_timestamp': datetime.datetime(2019, 1, 30, 8, 50, 56, tzinfo=tzutc()),
                         'deletion_grace_period_seconds': None,
                         'deletion_timestamp': None,
                         'finalizers': None,
                         'generate_name': None,
                         'generation': None,
                         'initializers': None,
                         'labels': None,
                         'name': 'aasdaasdasdas',
                         'namespace': 'default',
                         'owner_references': None,
                         'resource_version': '1205718',
                         'self_link': '/api/v1/namespaces/default/configmaps/aasdaasdasdas',
                         'uid': '28934bb5-246c-11e9-bf39-025000000001'}},
           {'api_version': None,
            'binary_data': None,
            'data': {'aasdasdsd': 'asdasdasdasddds'},
            'kind': None,
            'metadata': {'annotations': None,
                         'cluster_name': None,
                         'creation_timestamp': datetime.datetime(2019, 1, 30, 8, 50, 59, tzinfo=tzutc()),
                         'deletion_grace_period_seconds': None,
                         'deletion_timestamp': None,
                         'finalizers': None,
                         'generate_name': None,
                         'generation': None,
                         'initializers': None,
                         'labels': None,
                         'name': 'aasdaassdasdas',
                         'namespace': 'default',
                         'owner_references': None,
                         'resource_version': '1205723',
                         'self_link': '/api/v1/namespaces/default/configmaps/aasdaassdasdas',
                         'uid': '2a84ae96-246c-11e9-bf39-025000000001'}},
           {'api_version': None,
            'binary_data': None,
            'data': {'ccc': 'ccc'},
            'kind': None,
            'metadata': {'annotations': None,
                         'cluster_name': None,
                         'creation_timestamp': datetime.datetime(2019, 1, 30, 9, 14, 4, tzinfo=tzutc()),
                         'deletion_grace_period_seconds': None,
                         'deletion_timestamp': None,
                         'finalizers': None,
                         'generate_name': None,
                         'generation': None,
                         'initializers': None,
                         'labels': None,
                         'name': 'ccc',
                         'namespace': 'default',
                         'owner_references': None,
                         'resource_version': '1207249',
                         'self_link': '/api/v1/namespaces/default/configmaps/ccc',
                         'uid': '63fd9424-246f-11e9-bf39-025000000001'}},
           {'api_version': None,
            'binary_data': None,
            'data': {'ccc': 'ccc', 'czxczxc': 'cczxc'},
            'kind': None,
            'metadata': {'annotations': None,
                         'cluster_name': None,
                         'creation_timestamp': datetime.datetime(2019, 1, 30, 9, 14, 12, tzinfo=tzutc()),
                         'deletion_grace_period_seconds': None,
                         'deletion_timestamp': None,
                         'finalizers': None,
                         'generate_name': None,
                         'generation': None,
                         'initializers': None,
                         'labels': None,
                         'name': 'cccxxx',
                         'namespace': 'default',
                         'owner_references': None,
                         'resource_version': '1207259',
                         'self_link': '/api/v1/namespaces/default/configmaps/cccxxx',
                         'uid': '68cc0c9b-246f-11e9-bf39-025000000001'}},
           {'api_version': None,
            'binary_data': None,
            'data': {'xcz': 'czxzxc'},
            'kind': None,
            'metadata': {'annotations': None,
                         'cluster_name': None,
                         'creation_timestamp': datetime.datetime(2019, 1, 30, 9, 13, 52, tzinfo=tzutc()),
                         'deletion_grace_period_seconds': None,
                         'deletion_timestamp': None,
                         'finalizers': None,
                         'generate_name': None,
                         'generation': None,
                         'initializers': None,
                         'labels': None,
                         'name': 'zxcz',
                         'namespace': 'default',
                         'owner_references': None,
                         'resource_version': '1207233',
                         'self_link': '/api/v1/namespaces/default/configmaps/zxcz',
                         'uid': '5c5db866-246f-11e9-bf39-025000000001'}}],
 'kind': 'ConfigMapList',
 'metadata': {'_continue': None,
              'resource_version': '1227269',
              'self_link': '/api/v1/namespaces/default/configmaps'}}
create deployment and svc
{'api_version': 'v1',
 'items': [{'api_version': None,
            'binary_data': None,
            'data': {'aasdasdsd': 'asdasdasdasddds'},
            'kind': None,
            'metadata': {'annotations': None,
                         'cluster_name': None,
                         'creation_timestamp': datetime.datetime(2019, 1, 30, 8, 50, 56, tzinfo=tzutc()),
                         'deletion_grace_period_seconds': None,
                         'deletion_timestamp': None,
                         'finalizers': None,
                         'generate_name': None,
                         'generation': None,
                         'initializers': None,
                         'labels': None,
                         'name': 'aasdaasdasdas',
                         'namespace': 'default',
                         'owner_references': None,
                         'resource_version': '1205718',
                         'self_link': '/api/v1/namespaces/default/configmaps/aasdaasdasdas',
                         'uid': '28934bb5-246c-11e9-bf39-025000000001'}},
           {'api_version': None,
            'binary_data': None,
            'data': {'aasdasdsd': 'asdasdasdasddds'},
            'kind': None,
            'metadata': {'annotations': None,
                         'cluster_name': None,
                         'creation_timestamp': datetime.datetime(2019, 1, 30, 8, 50, 59, tzinfo=tzutc()),
                         'deletion_grace_period_seconds': None,
                         'deletion_timestamp': None,
                         'finalizers': None,
                         'generate_name': None,
                         'generation': None,
                         'initializers': None,
                         'labels': None,
                         'name': 'aasdaassdasdas',
                         'namespace': 'default',
                         'owner_references': None,
                         'resource_version': '1205723',
                         'self_link': '/api/v1/namespaces/default/configmaps/aasdaassdasdas',
                         'uid': '2a84ae96-246c-11e9-bf39-025000000001'}},
           {'api_version': None,
            'binary_data': None,
            'data': {'ccc': 'ccc'},
            'kind': None,
            'metadata': {'annotations': None,
                         'cluster_name': None,
                         'creation_timestamp': datetime.datetime(2019, 1, 30, 9, 14, 4, tzinfo=tzutc()),
                         'deletion_grace_period_seconds': None,
                         'deletion_timestamp': None,
                         'finalizers': None,
                         'generate_name': None,
                         'generation': None,
                         'initializers': None,
                         'labels': None,
                         'name': 'ccc',
                         'namespace': 'default',
                         'owner_references': None,
                         'resource_version': '1207249',
                         'self_link': '/api/v1/namespaces/default/configmaps/ccc',
                         'uid': '63fd9424-246f-11e9-bf39-025000000001'}},
           {'api_version': None,
            'binary_data': None,
            'data': {'ccc': 'ccc', 'czxczxc': 'cczxc'},
            'kind': None,
            'metadata': {'annotations': None,
                         'cluster_name': None,
                         'creation_timestamp': datetime.datetime(2019, 1, 30, 9, 14, 12, tzinfo=tzutc()),
                         'deletion_grace_period_seconds': None,
                         'deletion_timestamp': None,
                         'finalizers': None,
                         'generate_name': None,
                         'generation': None,
                         'initializers': None,
                         'labels': None,
                         'name': 'cccxxx',
                         'namespace': 'default',
                         'owner_references': None,
                         'resource_version': '1207259',
                         'self_link': '/api/v1/namespaces/default/configmaps/cccxxx',
                         'uid': '68cc0c9b-246f-11e9-bf39-025000000001'}},
           {'api_version': None,
            'binary_data': None,
            'data': {'xcz': 'czxzxc'},
            'kind': None,
            'metadata': {'annotations': None,
                         'cluster_name': None,
                         'creation_timestamp': datetime.datetime(2019, 1, 30, 9, 13, 52, tzinfo=tzutc()),
                         'deletion_grace_period_seconds': None,
                         'deletion_timestamp': None,
                         'finalizers': None,
                         'generate_name': None,
                         'generation': None,
                         'initializers': None,
                         'labels': None,
                         'name': 'zxcz',
                         'namespace': 'default',
                         'owner_references': None,
                         'resource_version': '1207233',
                         'self_link': '/api/v1/namespaces/default/configmaps/zxcz',
                         'uid': '5c5db866-246f-11e9-bf39-025000000001'}}],
 'kind': 'ConfigMapList',
 'metadata': {'_continue': None,
              'resource_version': '1227330',
              'self_link': '/api/v1/namespaces/default/configmaps'}}
create deployment and svc
Deployment created. status='{'load_balancer': {'ingress': None}}'
create deployment and svc
{'api_version': 'v1',
 'items': [{'api_version': None,
            'binary_data': None,
            'data': {'aasdasdsd': 'asdasdasdasddds'},
            'kind': None,
            'metadata': {'annotations': None,
                         'cluster_name': None,
                         'creation_timestamp': datetime.datetime(2019, 1, 30, 8, 50, 56, tzinfo=tzutc()),
                         'deletion_grace_period_seconds': None,
                         'deletion_timestamp': None,
                         'finalizers': None,
                         'generate_name': None,
                         'generation': None,
                         'initializers': None,
                         'labels': None,
                         'name': 'aasdaasdasdas',
                         'namespace': 'default',
                         'owner_references': None,
                         'resource_version': '1205718',
                         'self_link': '/api/v1/namespaces/default/configmaps/aasdaasdasdas',
                         'uid': '28934bb5-246c-11e9-bf39-025000000001'}},
           {'api_version': None,
            'binary_data': None,
            'data': {'aasdasdsd': 'asdasdasdasddds'},
            'kind': None,
            'metadata': {'annotations': None,
                         'cluster_name': None,
                         'creation_timestamp': datetime.datetime(2019, 1, 30, 8, 50, 59, tzinfo=tzutc()),
                         'deletion_grace_period_seconds': None,
                         'deletion_timestamp': None,
                         'finalizers': None,
                         'generate_name': None,
                         'generation': None,
                         'initializers': None,
                         'labels': None,
                         'name': 'aasdaassdasdas',
                         'namespace': 'default',
                         'owner_references': None,
                         'resource_version': '1205723',
                         'self_link': '/api/v1/namespaces/default/configmaps/aasdaassdasdas',
                         'uid': '2a84ae96-246c-11e9-bf39-025000000001'}},
           {'api_version': None,
            'binary_data': None,
            'data': {'ccc': 'ccc'},
            'kind': None,
            'metadata': {'annotations': None,
                         'cluster_name': None,
                         'creation_timestamp': datetime.datetime(2019, 1, 30, 9, 14, 4, tzinfo=tzutc()),
                         'deletion_grace_period_seconds': None,
                         'deletion_timestamp': None,
                         'finalizers': None,
                         'generate_name': None,
                         'generation': None,
                         'initializers': None,
                         'labels': None,
                         'name': 'ccc',
                         'namespace': 'default',
                         'owner_references': None,
                         'resource_version': '1207249',
                         'self_link': '/api/v1/namespaces/default/configmaps/ccc',
                         'uid': '63fd9424-246f-11e9-bf39-025000000001'}},
           {'api_version': None,
            'binary_data': None,
            'data': {'ccc': 'ccc', 'czxczxc': 'cczxc'},
            'kind': None,
            'metadata': {'annotations': None,
                         'cluster_name': None,
                         'creation_timestamp': datetime.datetime(2019, 1, 30, 9, 14, 12, tzinfo=tzutc()),
                         'deletion_grace_period_seconds': None,
                         'deletion_timestamp': None,
                         'finalizers': None,
                         'generate_name': None,
                         'generation': None,
                         'initializers': None,
                         'labels': None,
                         'name': 'cccxxx',
                         'namespace': 'default',
                         'owner_references': None,
                         'resource_version': '1207259',
                         'self_link': '/api/v1/namespaces/default/configmaps/cccxxx',
                         'uid': '68cc0c9b-246f-11e9-bf39-025000000001'}},
           {'api_version': None,
            'binary_data': None,
            'data': {'xcz': 'czxzxc'},
            'kind': None,
            'metadata': {'annotations': None,
                         'cluster_name': None,
                         'creation_timestamp': datetime.datetime(2019, 1, 30, 9, 13, 52, tzinfo=tzutc()),
                         'deletion_grace_period_seconds': None,
                         'deletion_timestamp': None,
                         'finalizers': None,
                         'generate_name': None,
                         'generation': None,
                         'initializers': None,
                         'labels': None,
                         'name': 'zxcz',
                         'namespace': 'default',
                         'owner_references': None,
                         'resource_version': '1207233',
                         'self_link': '/api/v1/namespaces/default/configmaps/zxcz',
                         'uid': '5c5db866-246f-11e9-bf39-025000000001'}}],
 'kind': 'ConfigMapList',
 'metadata': {'_continue': None,
              'resource_version': '1227414',
              'self_link': '/api/v1/namespaces/default/configmaps'}}
create deployment and svc
create deployment and svc
loading images
create deployment
{'api_version': 'apps/v1',
 'kind': 'Deployment',
 'metadata': {'annotations': None,
              'cluster_name': None,
              'creation_timestamp': datetime.datetime(2019, 1, 31, 7, 40, 32, tzinfo=tzutc()),
              'deletion_grace_period_seconds': None,
              'deletion_timestamp': None,
              'finalizers': None,
              'generate_name': None,
              'generation': 1,
              'initializers': None,
              'labels': None,
              'name': 'testflask',
              'namespace': 'default',
              'owner_references': None,
              'resource_version': '1227922',
              'self_link': '/apis/apps/v1/namespaces/default/deployments/testflask',
              'uid': '7ce186c0-252b-11e9-8aa5-025000000001'},
 'spec': {'min_ready_seconds': None,
          'paused': None,
          'progress_deadline_seconds': 600,
          'replicas': 1,
          'revision_history_limit': 10,
          'selector': {'match_expressions': None,
                       'match_labels': {'app': 'testflask'}},
          'strategy': {'rolling_update': {'max_surge': '25%',
                                          'max_unavailable': '25%'},
                       'type': 'RollingUpdate'},
          'template': {'metadata': {'annotations': None,
                                    'cluster_name': None,
                                    'creation_timestamp': None,
                                    'deletion_grace_period_seconds': None,
                                    'deletion_timestamp': None,
                                    'finalizers': None,
                                    'generate_name': None,
                                    'generation': None,
                                    'initializers': None,
                                    'labels': {'app': 'testflask'},
                                    'name': None,
                                    'namespace': None,
                                    'owner_references': None,
                                    'resource_version': None,
                                    'self_link': None,
                                    'uid': None},
                       'spec': {'active_deadline_seconds': None,
                                'affinity': None,
                                'automount_service_account_token': None,
                                'containers': [{'args': None,
                                                'command': None,
                                                'env': None,
                                                'env_from': None,
                                                'image': 'testflask:v0.0.1',
                                                'image_pull_policy': 'IfNotPresent',
                                                'lifecycle': None,
                                                'liveness_probe': None,
                                                'name': 'testflask',
                                                'ports': [{'container_port': 8084,
                                                           'host_ip': None,
                                                           'host_port': None,
                                                           'name': None,
                                                           'protocol': 'TCP'}],
                                                'readiness_probe': None,
                                                'resources': {'limits': None,
                                                              'requests': None},
                                                'security_context': None,
                                                'stdin': None,
                                                'stdin_once': None,
                                                'termination_message_path': '/dev/termination-log',
                                                'termination_message_policy': 'File',
                                                'tty': None,
                                                'volume_devices': None,
                                                'volume_mounts': None,
                                                'working_dir': None}],
                                'dns_config': None,
                                'dns_policy': 'ClusterFirst',
                                'host_aliases': None,
                                'host_ipc': None,
                                'host_network': None,
                                'host_pid': None,
                                'hostname': None,
                                'image_pull_secrets': None,
                                'init_containers': None,
                                'node_name': None,
                                'node_selector': None,
                                'priority': None,
                                'priority_class_name': None,
                                'readiness_gates': None,
                                'restart_policy': 'Always',
                                'runtime_class_name': None,
                                'scheduler_name': 'default-scheduler',
                                'security_context': {'fs_group': None,
                                                     'run_as_group': None,
                                                     'run_as_non_root': None,
                                                     'run_as_user': None,
                                                     'se_linux_options': None,
                                                     'supplemental_groups': None,
                                                     'sysctls': None},
                                'service_account': None,
                                'service_account_name': None,
                                'share_process_namespace': None,
                                'subdomain': None,
                                'termination_grace_period_seconds': 30,
                                'tolerations': None,
                                'volumes': None}}},
 'status': {'available_replicas': None,
            'collision_count': None,
            'conditions': None,
            'observed_generation': None,
            'ready_replicas': None,
            'replicas': None,
            'unavailable_replicas': None,
            'updated_replicas': None}}
Deployment created. status='{'load_balancer': {'ingress': None}}'
loading images
{'api_version': 'v1',
 'items': [{'api_version': None,
            'binary_data': None,
            'data': {'aasdasdsd': 'asdasdasdasddds'},
            'kind': None,
            'metadata': {'annotations': None,
                         'cluster_name': None,
                         'creation_timestamp': datetime.datetime(2019, 1, 30, 8, 50, 56, tzinfo=tzutc()),
                         'deletion_grace_period_seconds': None,
                         'deletion_timestamp': None,
                         'finalizers': None,
                         'generate_name': None,
                         'generation': None,
                         'initializers': None,
                         'labels': None,
                         'name': 'aasdaasdasdas',
                         'namespace': 'default',
                         'owner_references': None,
                         'resource_version': '1205718',
                         'self_link': '/api/v1/namespaces/default/configmaps/aasdaasdasdas',
                         'uid': '28934bb5-246c-11e9-bf39-025000000001'}},
           {'api_version': None,
            'binary_data': None,
            'data': {'aasdasdsd': 'asdasdasdasddds'},
            'kind': None,
            'metadata': {'annotations': None,
                         'cluster_name': None,
                         'creation_timestamp': datetime.datetime(2019, 1, 30, 8, 50, 59, tzinfo=tzutc()),
                         'deletion_grace_period_seconds': None,
                         'deletion_timestamp': None,
                         'finalizers': None,
                         'generate_name': None,
                         'generation': None,
                         'initializers': None,
                         'labels': None,
                         'name': 'aasdaassdasdas',
                         'namespace': 'default',
                         'owner_references': None,
                         'resource_version': '1205723',
                         'self_link': '/api/v1/namespaces/default/configmaps/aasdaassdasdas',
                         'uid': '2a84ae96-246c-11e9-bf39-025000000001'}},
           {'api_version': None,
            'binary_data': None,
            'data': {'ccc': 'ccc'},
            'kind': None,
            'metadata': {'annotations': None,
                         'cluster_name': None,
                         'creation_timestamp': datetime.datetime(2019, 1, 30, 9, 14, 4, tzinfo=tzutc()),
                         'deletion_grace_period_seconds': None,
                         'deletion_timestamp': None,
                         'finalizers': None,
                         'generate_name': None,
                         'generation': None,
                         'initializers': None,
                         'labels': None,
                         'name': 'ccc',
                         'namespace': 'default',
                         'owner_references': None,
                         'resource_version': '1207249',
                         'self_link': '/api/v1/namespaces/default/configmaps/ccc',
                         'uid': '63fd9424-246f-11e9-bf39-025000000001'}},
           {'api_version': None,
            'binary_data': None,
            'data': {'ccc': 'ccc', 'czxczxc': 'cczxc'},
            'kind': None,
            'metadata': {'annotations': None,
                         'cluster_name': None,
                         'creation_timestamp': datetime.datetime(2019, 1, 30, 9, 14, 12, tzinfo=tzutc()),
                         'deletion_grace_period_seconds': None,
                         'deletion_timestamp': None,
                         'finalizers': None,
                         'generate_name': None,
                         'generation': None,
                         'initializers': None,
                         'labels': None,
                         'name': 'cccxxx',
                         'namespace': 'default',
                         'owner_references': None,
                         'resource_version': '1207259',
                         'self_link': '/api/v1/namespaces/default/configmaps/cccxxx',
                         'uid': '68cc0c9b-246f-11e9-bf39-025000000001'}},
           {'api_version': None,
            'binary_data': None,
            'data': {'xcz': 'czxzxc'},
            'kind': None,
            'metadata': {'annotations': None,
                         'cluster_name': None,
                         'creation_timestamp': datetime.datetime(2019, 1, 30, 9, 13, 52, tzinfo=tzutc()),
                         'deletion_grace_period_seconds': None,
                         'deletion_timestamp': None,
                         'finalizers': None,
                         'generate_name': None,
                         'generation': None,
                         'initializers': None,
                         'labels': None,
                         'name': 'zxcz',
                         'namespace': 'default',
                         'owner_references': None,
                         'resource_version': '1207233',
                         'self_link': '/api/v1/namespaces/default/configmaps/zxcz',
                         'uid': '5c5db866-246f-11e9-bf39-025000000001'}}],
 'kind': 'ConfigMapList',
 'metadata': {'_continue': None,
              'resource_version': '1227941',
              'self_link': '/api/v1/namespaces/default/configmaps'}}
loading images
{'api_version': 'v1',
 'items': [{'api_version': None,
            'binary_data': None,
            'data': {'aasdasdsd': 'asdasdasdasddds'},
            'kind': None,
            'metadata': {'annotations': None,
                         'cluster_name': None,
                         'creation_timestamp': datetime.datetime(2019, 1, 30, 8, 50, 56, tzinfo=tzutc()),
                         'deletion_grace_period_seconds': None,
                         'deletion_timestamp': None,
                         'finalizers': None,
                         'generate_name': None,
                         'generation': None,
                         'initializers': None,
                         'labels': None,
                         'name': 'aasdaasdasdas',
                         'namespace': 'default',
                         'owner_references': None,
                         'resource_version': '1205718',
                         'self_link': '/api/v1/namespaces/default/configmaps/aasdaasdasdas',
                         'uid': '28934bb5-246c-11e9-bf39-025000000001'}},
           {'api_version': None,
            'binary_data': None,
            'data': {'aasdasdsd': 'asdasdasdasddds'},
            'kind': None,
            'metadata': {'annotations': None,
                         'cluster_name': None,
                         'creation_timestamp': datetime.datetime(2019, 1, 30, 8, 50, 59, tzinfo=tzutc()),
                         'deletion_grace_period_seconds': None,
                         'deletion_timestamp': None,
                         'finalizers': None,
                         'generate_name': None,
                         'generation': None,
                         'initializers': None,
                         'labels': None,
                         'name': 'aasdaassdasdas',
                         'namespace': 'default',
                         'owner_references': None,
                         'resource_version': '1205723',
                         'self_link': '/api/v1/namespaces/default/configmaps/aasdaassdasdas',
                         'uid': '2a84ae96-246c-11e9-bf39-025000000001'}},
           {'api_version': None,
            'binary_data': None,
            'data': {'ccc': 'ccc'},
            'kind': None,
            'metadata': {'annotations': None,
                         'cluster_name': None,
                         'creation_timestamp': datetime.datetime(2019, 1, 30, 9, 14, 4, tzinfo=tzutc()),
                         'deletion_grace_period_seconds': None,
                         'deletion_timestamp': None,
                         'finalizers': None,
                         'generate_name': None,
                         'generation': None,
                         'initializers': None,
                         'labels': None,
                         'name': 'ccc',
                         'namespace': 'default',
                         'owner_references': None,
                         'resource_version': '1207249',
                         'self_link': '/api/v1/namespaces/default/configmaps/ccc',
                         'uid': '63fd9424-246f-11e9-bf39-025000000001'}},
           {'api_version': None,
            'binary_data': None,
            'data': {'ccc': 'ccc', 'czxczxc': 'cczxc'},
            'kind': None,
            'metadata': {'annotations': None,
                         'cluster_name': None,
                         'creation_timestamp': datetime.datetime(2019, 1, 30, 9, 14, 12, tzinfo=tzutc()),
                         'deletion_grace_period_seconds': None,
                         'deletion_timestamp': None,
                         'finalizers': None,
                         'generate_name': None,
                         'generation': None,
                         'initializers': None,
                         'labels': None,
                         'name': 'cccxxx',
                         'namespace': 'default',
                         'owner_references': None,
                         'resource_version': '1207259',
                         'self_link': '/api/v1/namespaces/default/configmaps/cccxxx',
                         'uid': '68cc0c9b-246f-11e9-bf39-025000000001'}},
           {'api_version': None,
            'binary_data': None,
            'data': {'xcz': 'czxzxc'},
            'kind': None,
            'metadata': {'annotations': None,
                         'cluster_name': None,
                         'creation_timestamp': datetime.datetime(2019, 1, 30, 9, 13, 52, tzinfo=tzutc()),
                         'deletion_grace_period_seconds': None,
                         'deletion_timestamp': None,
                         'finalizers': None,
                         'generate_name': None,
                         'generation': None,
                         'initializers': None,
                         'labels': None,
                         'name': 'zxcz',
                         'namespace': 'default',
                         'owner_references': None,
                         'resource_version': '1207233',
                         'self_link': '/api/v1/namespaces/default/configmaps/zxcz',
                         'uid': '5c5db866-246f-11e9-bf39-025000000001'}}],
 'kind': 'ConfigMapList',
 'metadata': {'_continue': None,
              'resource_version': '1228299',
              'self_link': '/api/v1/namespaces/default/configmaps'}}
loading images
{'api_version': 'v1',
 'items': [{'api_version': None,
            'binary_data': None,
            'data': {'aasdasdsd': 'asdasdasdasddds'},
            'kind': None,
            'metadata': {'annotations': None,
                         'cluster_name': None,
                         'creation_timestamp': datetime.datetime(2019, 1, 30, 8, 50, 56, tzinfo=tzutc()),
                         'deletion_grace_period_seconds': None,
                         'deletion_timestamp': None,
                         'finalizers': None,
                         'generate_name': None,
                         'generation': None,
                         'initializers': None,
                         'labels': None,
                         'name': 'aasdaasdasdas',
                         'namespace': 'default',
                         'owner_references': None,
                         'resource_version': '1205718',
                         'self_link': '/api/v1/namespaces/default/configmaps/aasdaasdasdas',
                         'uid': '28934bb5-246c-11e9-bf39-025000000001'}},
           {'api_version': None,
            'binary_data': None,
            'data': {'aasdasdsd': 'asdasdasdasddds'},
            'kind': None,
            'metadata': {'annotations': None,
                         'cluster_name': None,
                         'creation_timestamp': datetime.datetime(2019, 1, 30, 8, 50, 59, tzinfo=tzutc()),
                         'deletion_grace_period_seconds': None,
                         'deletion_timestamp': None,
                         'finalizers': None,
                         'generate_name': None,
                         'generation': None,
                         'initializers': None,
                         'labels': None,
                         'name': 'aasdaassdasdas',
                         'namespace': 'default',
                         'owner_references': None,
                         'resource_version': '1205723',
                         'self_link': '/api/v1/namespaces/default/configmaps/aasdaassdasdas',
                         'uid': '2a84ae96-246c-11e9-bf39-025000000001'}},
           {'api_version': None,
            'binary_data': None,
            'data': {'ccc': 'ccc'},
            'kind': None,
            'metadata': {'annotations': None,
                         'cluster_name': None,
                         'creation_timestamp': datetime.datetime(2019, 1, 30, 9, 14, 4, tzinfo=tzutc()),
                         'deletion_grace_period_seconds': None,
                         'deletion_timestamp': None,
                         'finalizers': None,
                         'generate_name': None,
                         'generation': None,
                         'initializers': None,
                         'labels': None,
                         'name': 'ccc',
                         'namespace': 'default',
                         'owner_references': None,
                         'resource_version': '1207249',
                         'self_link': '/api/v1/namespaces/default/configmaps/ccc',
                         'uid': '63fd9424-246f-11e9-bf39-025000000001'}},
           {'api_version': None,
            'binary_data': None,
            'data': {'ccc': 'ccc', 'czxczxc': 'cczxc'},
            'kind': None,
            'metadata': {'annotations': None,
                         'cluster_name': None,
                         'creation_timestamp': datetime.datetime(2019, 1, 30, 9, 14, 12, tzinfo=tzutc()),
                         'deletion_grace_period_seconds': None,
                         'deletion_timestamp': None,
                         'finalizers': None,
                         'generate_name': None,
                         'generation': None,
                         'initializers': None,
                         'labels': None,
                         'name': 'cccxxx',
                         'namespace': 'default',
                         'owner_references': None,
                         'resource_version': '1207259',
                         'self_link': '/api/v1/namespaces/default/configmaps/cccxxx',
                         'uid': '68cc0c9b-246f-11e9-bf39-025000000001'}},
           {'api_version': None,
            'binary_data': None,
            'data': {'xcz': 'czxzxc'},
            'kind': None,
            'metadata': {'annotations': None,
                         'cluster_name': None,
                         'creation_timestamp': datetime.datetime(2019, 1, 30, 9, 13, 52, tzinfo=tzutc()),
                         'deletion_grace_period_seconds': None,
                         'deletion_timestamp': None,
                         'finalizers': None,
                         'generate_name': None,
                         'generation': None,
                         'initializers': None,
                         'labels': None,
                         'name': 'zxcz',
                         'namespace': 'default',
                         'owner_references': None,
                         'resource_version': '1207233',
                         'self_link': '/api/v1/namespaces/default/configmaps/zxcz',
                         'uid': '5c5db866-246f-11e9-bf39-025000000001'}}],
 'kind': 'ConfigMapList',
 'metadata': {'_continue': None,
              'resource_version': '1228729',
              'self_link': '/api/v1/namespaces/default/configmaps'}}
loading images
create deployment
{'api_version': 'apps/v1',
 'kind': 'Deployment',
 'metadata': {'annotations': None,
              'cluster_name': None,
              'creation_timestamp': datetime.datetime(2019, 1, 31, 7, 52, 21, tzinfo=tzutc()),
              'deletion_grace_period_seconds': None,
              'deletion_timestamp': None,
              'finalizers': None,
              'generate_name': None,
              'generation': 1,
              'initializers': None,
              'labels': None,
              'name': 'testflask',
              'namespace': 'default',
              'owner_references': None,
              'resource_version': '1228748',
              'self_link': '/apis/apps/v1/namespaces/default/deployments/testflask',
              'uid': '240214bf-252d-11e9-8aa5-025000000001'},
 'spec': {'min_ready_seconds': None,
          'paused': None,
          'progress_deadline_seconds': 600,
          'replicas': 1,
          'revision_history_limit': 10,
          'selector': {'match_expressions': None,
                       'match_labels': {'app': 'testflask'}},
          'strategy': {'rolling_update': {'max_surge': '25%',
                                          'max_unavailable': '25%'},
                       'type': 'RollingUpdate'},
          'template': {'metadata': {'annotations': None,
                                    'cluster_name': None,
                                    'creation_timestamp': None,
                                    'deletion_grace_period_seconds': None,
                                    'deletion_timestamp': None,
                                    'finalizers': None,
                                    'generate_name': None,
                                    'generation': None,
                                    'initializers': None,
                                    'labels': {'app': 'testflask'},
                                    'name': None,
                                    'namespace': None,
                                    'owner_references': None,
                                    'resource_version': None,
                                    'self_link': None,
                                    'uid': None},
                       'spec': {'active_deadline_seconds': None,
                                'affinity': None,
                                'automount_service_account_token': None,
                                'containers': [{'args': None,
                                                'command': None,
                                                'env': None,
                                                'env_from': None,
                                                'image': 'testflask:v0.0.1',
                                                'image_pull_policy': 'IfNotPresent',
                                                'lifecycle': None,
                                                'liveness_probe': None,
                                                'name': 'testflask',
                                                'ports': [{'container_port': 8084,
                                                           'host_ip': None,
                                                           'host_port': None,
                                                           'name': None,
                                                           'protocol': 'TCP'}],
                                                'readiness_probe': None,
                                                'resources': {'limits': None,
                                                              'requests': None},
                                                'security_context': None,
                                                'stdin': None,
                                                'stdin_once': None,
                                                'termination_message_path': '/dev/termination-log',
                                                'termination_message_policy': 'File',
                                                'tty': None,
                                                'volume_devices': None,
                                                'volume_mounts': None,
                                                'working_dir': None}],
                                'dns_config': None,
                                'dns_policy': 'ClusterFirst',
                                'host_aliases': None,
                                'host_ipc': None,
                                'host_network': None,
                                'host_pid': None,
                                'hostname': None,
                                'image_pull_secrets': None,
                                'init_containers': None,
                                'node_name': None,
                                'node_selector': None,
                                'priority': None,
                                'priority_class_name': None,
                                'readiness_gates': None,
                                'restart_policy': 'Always',
                                'runtime_class_name': None,
                                'scheduler_name': 'default-scheduler',
                                'security_context': {'fs_group': None,
                                                     'run_as_group': None,
                                                     'run_as_non_root': None,
                                                     'run_as_user': None,
                                                     'se_linux_options': None,
                                                     'supplemental_groups': None,
                                                     'sysctls': None},
                                'service_account': None,
                                'service_account_name': None,
                                'share_process_namespace': None,
                                'subdomain': None,
                                'termination_grace_period_seconds': 30,
                                'tolerations': None,
                                'volumes': None}}},
 'status': {'available_replicas': None,
            'collision_count': None,
            'conditions': None,
            'observed_generation': None,
            'ready_replicas': None,
            'replicas': None,
            'unavailable_replicas': None,
            'updated_replicas': None}}
loading images
loading images
create deployment
{'api_version': 'apps/v1',
 'kind': 'Deployment',
 'metadata': {'annotations': None,
              'cluster_name': None,
              'creation_timestamp': datetime.datetime(2019, 1, 31, 7, 55, 14, tzinfo=tzutc()),
              'deletion_grace_period_seconds': None,
              'deletion_timestamp': None,
              'finalizers': None,
              'generate_name': None,
              'generation': 1,
              'initializers': None,
              'labels': None,
              'name': 'testflask',
              'namespace': 'default',
              'owner_references': None,
              'resource_version': '1228975',
              'self_link': '/apis/apps/v1/namespaces/default/deployments/testflask',
              'uid': '8ac1806e-252d-11e9-8aa5-025000000001'},
 'spec': {'min_ready_seconds': None,
          'paused': None,
          'progress_deadline_seconds': 600,
          'replicas': 1,
          'revision_history_limit': 10,
          'selector': {'match_expressions': None,
                       'match_labels': {'app': 'testflask'}},
          'strategy': {'rolling_update': {'max_surge': '25%',
                                          'max_unavailable': '25%'},
                       'type': 'RollingUpdate'},
          'template': {'metadata': {'annotations': None,
                                    'cluster_name': None,
                                    'creation_timestamp': None,
                                    'deletion_grace_period_seconds': None,
                                    'deletion_timestamp': None,
                                    'finalizers': None,
                                    'generate_name': None,
                                    'generation': None,
                                    'initializers': None,
                                    'labels': {'app': 'testflask'},
                                    'name': None,
                                    'namespace': None,
                                    'owner_references': None,
                                    'resource_version': None,
                                    'self_link': None,
                                    'uid': None},
                       'spec': {'active_deadline_seconds': None,
                                'affinity': None,
                                'automount_service_account_token': None,
                                'containers': [{'args': None,
                                                'command': None,
                                                'env': None,
                                                'env_from': None,
                                                'image': 'testflask:v0.0.1',
                                                'image_pull_policy': 'IfNotPresent',
                                                'lifecycle': None,
                                                'liveness_probe': None,
                                                'name': 'testflask',
                                                'ports': [{'container_port': 8084,
                                                           'host_ip': None,
                                                           'host_port': None,
                                                           'name': None,
                                                           'protocol': 'TCP'}],
                                                'readiness_probe': None,
                                                'resources': {'limits': None,
                                                              'requests': None},
                                                'security_context': None,
                                                'stdin': None,
                                                'stdin_once': None,
                                                'termination_message_path': '/dev/termination-log',
                                                'termination_message_policy': 'File',
                                                'tty': None,
                                                'volume_devices': None,
                                                'volume_mounts': None,
                                                'working_dir': None}],
                                'dns_config': None,
                                'dns_policy': 'ClusterFirst',
                                'host_aliases': None,
                                'host_ipc': None,
                                'host_network': None,
                                'host_pid': None,
                                'hostname': None,
                                'image_pull_secrets': None,
                                'init_containers': None,
                                'node_name': None,
                                'node_selector': None,
                                'priority': None,
                                'priority_class_name': None,
                                'readiness_gates': None,
                                'restart_policy': 'Always',
                                'runtime_class_name': None,
                                'scheduler_name': 'default-scheduler',
                                'security_context': {'fs_group': None,
                                                     'run_as_group': None,
                                                     'run_as_non_root': None,
                                                     'run_as_user': None,
                                                     'se_linux_options': None,
                                                     'supplemental_groups': None,
                                                     'sysctls': None},
                                'service_account': None,
                                'service_account_name': None,
                                'share_process_namespace': None,
                                'subdomain': None,
                                'termination_grace_period_seconds': 30,
                                'tolerations': None,
                                'volumes': None}}},
 'status': {'available_replicas': None,
            'collision_count': None,
            'conditions': None,
            'observed_generation': None,
            'ready_replicas': None,
            'replicas': None,
            'unavailable_replicas': None,
            'updated_replicas': None}}
loading images
create deployment
{'api_version': 'apps/v1',
 'kind': 'Deployment',
 'metadata': {'annotations': None,
              'cluster_name': None,
              'creation_timestamp': datetime.datetime(2019, 1, 31, 7, 55, 53, tzinfo=tzutc()),
              'deletion_grace_period_seconds': None,
              'deletion_timestamp': None,
              'finalizers': None,
              'generate_name': None,
              'generation': 1,
              'initializers': None,
              'labels': None,
              'name': 'testflask',
              'namespace': 'default',
              'owner_references': None,
              'resource_version': '1229056',
              'self_link': '/apis/apps/v1/namespaces/default/deployments/testflask',
              'uid': 'a205e711-252d-11e9-8aa5-025000000001'},
 'spec': {'min_ready_seconds': None,
          'paused': None,
          'progress_deadline_seconds': 600,
          'replicas': 1,
          'revision_history_limit': 10,
          'selector': {'match_expressions': None,
                       'match_labels': {'app': 'testflask'}},
          'strategy': {'rolling_update': {'max_surge': '25%',
                                          'max_unavailable': '25%'},
                       'type': 'RollingUpdate'},
          'template': {'metadata': {'annotations': None,
                                    'cluster_name': None,
                                    'creation_timestamp': None,
                                    'deletion_grace_period_seconds': None,
                                    'deletion_timestamp': None,
                                    'finalizers': None,
                                    'generate_name': None,
                                    'generation': None,
                                    'initializers': None,
                                    'labels': {'app': 'testflask'},
                                    'name': None,
                                    'namespace': None,
                                    'owner_references': None,
                                    'resource_version': None,
                                    'self_link': None,
                                    'uid': None},
                       'spec': {'active_deadline_seconds': None,
                                'affinity': None,
                                'automount_service_account_token': None,
                                'containers': [{'args': None,
                                                'command': None,
                                                'env': None,
                                                'env_from': None,
                                                'image': 'testflask:v0.0.1',
                                                'image_pull_policy': 'IfNotPresent',
                                                'lifecycle': None,
                                                'liveness_probe': None,
                                                'name': 'testflask',
                                                'ports': [{'container_port': 8084,
                                                           'host_ip': None,
                                                           'host_port': None,
                                                           'name': None,
                                                           'protocol': 'TCP'}],
                                                'readiness_probe': None,
                                                'resources': {'limits': None,
                                                              'requests': None},
                                                'security_context': None,
                                                'stdin': None,
                                                'stdin_once': None,
                                                'termination_message_path': '/dev/termination-log',
                                                'termination_message_policy': 'File',
                                                'tty': None,
                                                'volume_devices': None,
                                                'volume_mounts': None,
                                                'working_dir': None}],
                                'dns_config': None,
                                'dns_policy': 'ClusterFirst',
                                'host_aliases': None,
                                'host_ipc': None,
                                'host_network': None,
                                'host_pid': None,
                                'hostname': None,
                                'image_pull_secrets': None,
                                'init_containers': None,
                                'node_name': None,
                                'node_selector': None,
                                'priority': None,
                                'priority_class_name': None,
                                'readiness_gates': None,
                                'restart_policy': 'Always',
                                'runtime_class_name': None,
                                'scheduler_name': 'default-scheduler',
                                'security_context': {'fs_group': None,
                                                     'run_as_group': None,
                                                     'run_as_non_root': None,
                                                     'run_as_user': None,
                                                     'se_linux_options': None,
                                                     'supplemental_groups': None,
                                                     'sysctls': None},
                                'service_account': None,
                                'service_account_name': None,
                                'share_process_namespace': None,
                                'subdomain': None,
                                'termination_grace_period_seconds': 30,
                                'tolerations': None,
                                'volumes': None}}},
 'status': {'available_replicas': None,
            'collision_count': None,
            'conditions': None,
            'observed_generation': None,
            'ready_replicas': None,
            'replicas': None,
            'unavailable_replicas': None,
            'updated_replicas': None}}
Deployment created. status='{'load_balancer': {'ingress': None}}'
loading images
{'api_version': 'v1',
 'items': [{'api_version': None,
            'binary_data': None,
            'data': {'aasdasdsd': 'asdasdasdasddds'},
            'kind': None,
            'metadata': {'annotations': None,
                         'cluster_name': None,
                         'creation_timestamp': datetime.datetime(2019, 1, 30, 8, 50, 56, tzinfo=tzutc()),
                         'deletion_grace_period_seconds': None,
                         'deletion_timestamp': None,
                         'finalizers': None,
                         'generate_name': None,
                         'generation': None,
                         'initializers': None,
                         'labels': None,
                         'name': 'aasdaasdasdas',
                         'namespace': 'default',
                         'owner_references': None,
                         'resource_version': '1205718',
                         'self_link': '/api/v1/namespaces/default/configmaps/aasdaasdasdas',
                         'uid': '28934bb5-246c-11e9-bf39-025000000001'}},
           {'api_version': None,
            'binary_data': None,
            'data': {'aasdasdsd': 'asdasdasdasddds'},
            'kind': None,
            'metadata': {'annotations': None,
                         'cluster_name': None,
                         'creation_timestamp': datetime.datetime(2019, 1, 30, 8, 50, 59, tzinfo=tzutc()),
                         'deletion_grace_period_seconds': None,
                         'deletion_timestamp': None,
                         'finalizers': None,
                         'generate_name': None,
                         'generation': None,
                         'initializers': None,
                         'labels': None,
                         'name': 'aasdaassdasdas',
                         'namespace': 'default',
                         'owner_references': None,
                         'resource_version': '1205723',
                         'self_link': '/api/v1/namespaces/default/configmaps/aasdaassdasdas',
                         'uid': '2a84ae96-246c-11e9-bf39-025000000001'}},
           {'api_version': None,
            'binary_data': None,
            'data': {'ccc': 'ccc'},
            'kind': None,
            'metadata': {'annotations': None,
                         'cluster_name': None,
                         'creation_timestamp': datetime.datetime(2019, 1, 30, 9, 14, 4, tzinfo=tzutc()),
                         'deletion_grace_period_seconds': None,
                         'deletion_timestamp': None,
                         'finalizers': None,
                         'generate_name': None,
                         'generation': None,
                         'initializers': None,
                         'labels': None,
                         'name': 'ccc',
                         'namespace': 'default',
                         'owner_references': None,
                         'resource_version': '1207249',
                         'self_link': '/api/v1/namespaces/default/configmaps/ccc',
                         'uid': '63fd9424-246f-11e9-bf39-025000000001'}},
           {'api_version': None,
            'binary_data': None,
            'data': {'ccc': 'ccc', 'czxczxc': 'cczxc'},
            'kind': None,
            'metadata': {'annotations': None,
                         'cluster_name': None,
                         'creation_timestamp': datetime.datetime(2019, 1, 30, 9, 14, 12, tzinfo=tzutc()),
                         'deletion_grace_period_seconds': None,
                         'deletion_timestamp': None,
                         'finalizers': None,
                         'generate_name': None,
                         'generation': None,
                         'initializers': None,
                         'labels': None,
                         'name': 'cccxxx',
                         'namespace': 'default',
                         'owner_references': None,
                         'resource_version': '1207259',
                         'self_link': '/api/v1/namespaces/default/configmaps/cccxxx',
                         'uid': '68cc0c9b-246f-11e9-bf39-025000000001'}},
           {'api_version': None,
            'binary_data': None,
            'data': {'xcz': 'czxzxc'},
            'kind': None,
            'metadata': {'annotations': None,
                         'cluster_name': None,
                         'creation_timestamp': datetime.datetime(2019, 1, 30, 9, 13, 52, tzinfo=tzutc()),
                         'deletion_grace_period_seconds': None,
                         'deletion_timestamp': None,
                         'finalizers': None,
                         'generate_name': None,
                         'generation': None,
                         'initializers': None,
                         'labels': None,
                         'name': 'zxcz',
                         'namespace': 'default',
                         'owner_references': None,
                         'resource_version': '1207233',
                         'self_link': '/api/v1/namespaces/default/configmaps/zxcz',
                         'uid': '5c5db866-246f-11e9-bf39-025000000001'}}],
 'kind': 'ConfigMapList',
 'metadata': {'_continue': None,
              'resource_version': '1229077',
              'self_link': '/api/v1/namespaces/default/configmaps'}}
list pod
log
[2019-03-04 03:20:15 +0000] [1] [INFO] Starting gunicorn 19.9.0
[2019-03-04 03:20:15 +0000] [1] [INFO] Listening at: http://0.0.0.0:8888 (1)
[2019-03-04 03:20:15 +0000] [1] [INFO] Using worker: gevent
[2019-03-04 03:20:15 +0000] [8] [INFO] Booting worker with pid: 8
[2019-03-04 03:20:15 +0000] [9] [INFO] Booting worker with pid: 9
[2019-03-04 03:20:15 +0000] [10] [INFO] Booting worker with pid: 10
[2019-03-04 03:20:15 +0000] [11] [INFO] Booting worker with pid: 11
[2019-03-04 03:20:15 +0000] [12] [INFO] Booting worker with pid: 12

loading images
list pod
list pod
log
[2019-03-04 03:37:33 +0000] [1] [INFO] Starting gunicorn 19.9.0
[2019-03-04 03:37:33 +0000] [1] [INFO] Listening at: http://0.0.0.0:8888 (1)
[2019-03-04 03:37:33 +0000] [1] [INFO] Using worker: gevent
[2019-03-04 03:37:33 +0000] [8] [INFO] Booting worker with pid: 8
[2019-03-04 03:37:33 +0000] [9] [INFO] Booting worker with pid: 9
[2019-03-04 03:37:33 +0000] [10] [INFO] Booting worker with pid: 10
[2019-03-04 03:37:33 +0000] [11] [INFO] Booting worker with pid: 11
[2019-03-04 03:37:33 +0000] [12] [INFO] Booting worker with pid: 12

log
[2019-03-04 03:37:33 +0000] [1] [INFO] Starting gunicorn 19.9.0
[2019-03-04 03:37:33 +0000] [1] [INFO] Listening at: http://0.0.0.0:8888 (1)
[2019-03-04 03:37:33 +0000] [1] [INFO] Using worker: gevent
[2019-03-04 03:37:33 +0000] [8] [INFO] Booting worker with pid: 8
[2019-03-04 03:37:33 +0000] [9] [INFO] Booting worker with pid: 9
[2019-03-04 03:37:33 +0000] [10] [INFO] Booting worker with pid: 10
[2019-03-04 03:37:33 +0000] [11] [INFO] Booting worker with pid: 11
[2019-03-04 03:37:33 +0000] [12] [INFO] Booting worker with pid: 12

loading images
list pod
log
[2019-03-04 03:37:33 +0000] [1] [INFO] Starting gunicorn 19.9.0
[2019-03-04 03:37:33 +0000] [1] [INFO] Listening at: http://0.0.0.0:8888 (1)
[2019-03-04 03:37:33 +0000] [1] [INFO] Using worker: gevent
[2019-03-04 03:37:33 +0000] [8] [INFO] Booting worker with pid: 8
[2019-03-04 03:37:33 +0000] [9] [INFO] Booting worker with pid: 9
[2019-03-04 03:37:33 +0000] [10] [INFO] Booting worker with pid: 10
[2019-03-04 03:37:33 +0000] [11] [INFO] Booting worker with pid: 11
[2019-03-04 03:37:33 +0000] [12] [INFO] Booting worker with pid: 12

list pod
loading images
